../Core/Inc/myLCD.h:29:6:_lcd_write_4bit	24	static
../Core/Inc/myLCD.h:55:6:_lcd_write_cmd	16	static
../Core/Inc/myLCD.h:70:6:_lcd_write_data	16	static
../Core/Inc/myLCD.h:84:6:LCD_Init	8	static
../Core/Inc/myLCD.h:119:6:LCD_SetCursor	24	static
../Core/Inc/myLCD.h:150:6:LCD_Clear	8	static
../Core/Inc/myLCD.h:162:6:LCD_SetBacklight	16	static
../Core/Inc/myLCD.h:180:6:LCD_Print	16	static
../Core/Src/main.c:95:5:main	8	static
../Core/Src/main.c:263:6:SystemClock_Config	88	static
../Core/Src/main.c:306:13:MX_ADC1_Init	24	static
../Core/Src/main.c:349:13:MX_GPIO_Init	40	static
../Core/Src/main.c:401:6:sw5ck	16	static
../Core/Src/main.c:436:6:trsrt	40	static
../Core/Src/main.c:466:6:bkm1	8	static
../Core/Src/main.c:473:6:senddt	24	static
../Core/Src/main.c:490:6:ledtrstr	32	static
../Core/Src/main.c:560:6:allbtnfunc	8	static
../Core/Src/main.c:768:5:adcvreader	16	static
../Core/Src/main.c:783:6:Error_Handler	8	static,ignoring_inline_asm
